Endpoints

Coordinate[0] = (1,5)
Coordinate[1] = (6,5)
