Sides

Lines[0] = (1,1) to (1,4)
Lines[1] = (1,4) to (6,1)
Lines[2] = (6,1) to (1,1)
