On the Triangle: (0,0), (3,0), (0,4)
the side opposite to (0,0)
is (3,0) to (0,4)