Triangle: (0,0), (0,4), (4,0) has 3 angles

Angle = 90.00
Angle = 45.00
Angle = 45.00
