Points

Coordinate[0] = (0,0)
Coordinate[1] = (3,0)
Coordinate[2] = (3,4)
