Sides

Side[0] = (0,0) to (3,0)
Side[1] = (0,4) to (0,0)
